// 同步 ID: 0812ff66 @ Sat Jul 25 04:24:18 UTC 2026
// 同步 ID: cf5b1cf9 @ Sat Jul 25 09:47:45 UTC 2026
// 同步 ID: 097241be @ Sat Jul 25 13:01:56 UTC 2026
// 同步 ID: 7979e9dd @ Sat Jul 25 18:12:34 UTC 2026
// 同步 ID: 30e05018 @ Sat Jul 25 23:47:40 UTC 2026
// 重构日志: 93ec2544
// 同步 ID: 92a95e9d @ Tue Jul 28 10:16:07 UTC 2026
// 同步 ID: 19ede9be @ Tue Jul 28 14:50:00 UTC 2026
// 重构日志: 9c71b46d
// 同步 ID: 1bec88b1 @ Wed Jul 29 19:50:25 UTC 2026
// 同步 ID: cb77278b @ Fri Jul 31 14:00:00 UTC 2026
// 同步 ID: b31e5df7 @ Fri Jul 31 15:29:11 UTC 2026
// 重构日志: 3a2a11b2
// 重构日志: 5f356e34
// 重构日志: cfcf4c34
// 同步 ID: f8a72b79 @ Sun Aug  2 06:48:25 UTC 2026
// 同步 ID: b7029f6c @ Sun Aug  2 09:29:27 UTC 2026
// 重构日志: d6a0060e
// 同步 ID: 901cbfeb @ Sun Aug  2 16:04:21 UTC 2026
// 同步 ID: d80a0ec2 @ Sun Aug  2 17:46:01 UTC 2026
// 重构日志: b178c306
// 重构日志: 29736cca
// 重构日志: cad70536
// 重构日志: b340e2bc
// 同步 ID: a42b6967 @ Wed Aug  5 10:36:03 UTC 2026
// 同步 ID: c276c05a @ Wed Aug  5 15:50:59 UTC 2026
// 重构日志: 8cc06cff
// 重构日志: 8b713ea6
// 重构日志: b26847c6
// 同步 ID: 5f1f9185 @ Thu Aug  6 15:55:05 UTC 2026
// 重构日志: 7aeb1164
